// Jest Snapshot v1, https://goo.gl/fbAQLP

exports[`Least significant byte first 1`] = `
Uint8Array [
  1,
  0,
  11,
  0,
  0,
  0,
  32,
  0,
  0,
  0,
  0,
  0,
  0,
  0,
  0,
  0,
  255,
  255,
  15,
  0,
  50,
  0,
  0,
  0,
  14,
  0,
  0,
  16,
  1,
  1,
  1,
  1,
  8,
  8,
  97,
  122,
  0,
  0,
  0,
  0,
  66,
  97,
  114,
  114,
  121,
  32,
  116,
  104,
  101,
  32,
  102,
  105,
  115,
  104,
  0,
  0,
  8,
  8,
  8,
  0,
  0,
  0,
  0,
  0,
  2,
  0,
  0,
  0,
  3,
  0,
  0,
  0,
  0,
  0,
  0,
  0,
  255,
  255,
  255,
  0,
  0,
  0,
  0,
  0,
  188,
  2,
  88,
  2,
  188,
  2,
  88,
  2,
  1,
  0,
  1,
  0,
  7,
  0,
  0,
  0,
  0,
  0,
  8,
  1,
  8,
  0,
  1,
  0,
  0,
  0,
  0,
  0,
  7,
  0,
  0,
  0,
  5,
  8,
  0,
  0,
  0,
  0,
  255,
  0,
  0,
  255,
  0,
  0,
  255,
  0,
  0,
  0,
  0,
  0,
  0,
  0,
]
`;
