// Jest Snapshot v1, https://goo.gl/fbAQLP

exports[`processRequest It sends an error packet on error 1`] = `
Uint8Array [
  0,
  15,
  1,
  0,
  0,
  0,
  0,
  0,
  0,
  0,
  1,
  0,
  0,
  0,
  0,
  0,
  0,
  0,
  0,
  0,
  0,
  0,
  0,
  0,
  0,
  0,
  0,
  0,
  0,
  0,
  0,
  0,
]
`;
